ARM Linker, 5.03 [Build 76] [MDK-ARM Lite]

==============================================================================

Section Cross References

    firstmilestone.o(.text) refers to drleqf.o(x$fpl$drleqf) for __aeabi_cdrcmple
    firstmilestone.o(.text) refers to deqf.o(x$fpl$deqf) for __aeabi_cdcmpeq
    firstmilestone.o(.text) refers to dmul.o(x$fpl$dmul) for __aeabi_dmul
    firstmilestone.o(.text) refers to daddsub_clz.o(x$fpl$dsub) for __aeabi_dsub
    firstmilestone.o(.text) refers to ddiv.o(x$fpl$ddiv) for __aeabi_ddiv
    firstmilestone.o(.text) refers to sin.o(i.sin) for sin
    firstmilestone.o(.text) refers to cos.o(i.cos) for cos
    firstmilestone.o(.text) refers to daddsub_clz.o(x$fpl$dadd) for __aeabi_dadd
    firstmilestone.o(.text) refers to sqrt.o(i.sqrt) for sqrt
    firstmilestone.o(.text) refers to firstmilestone.o(.data) for latitude
    firstmilestone.o(.text) refers to atan2.o(i.atan2) for atan2
    startup_tm4c123.o(STACK) refers (Special) to heapauxi.o(.text) for __use_two_region_memory
    startup_tm4c123.o(HEAP) refers (Special) to heapauxi.o(.text) for __use_two_region_memory
    startup_tm4c123.o(RESET) refers (Special) to heapauxi.o(.text) for __use_two_region_memory
    startup_tm4c123.o(RESET) refers to startup_tm4c123.o(STACK) for __initial_sp
    startup_tm4c123.o(RESET) refers to startup_tm4c123.o(.text) for Reset_Handler
    startup_tm4c123.o(.text) refers (Special) to heapauxi.o(.text) for __use_two_region_memory
    startup_tm4c123.o(.text) refers to firstmilestone.o(.text) for SystemInit
    startup_tm4c123.o(.text) refers to __main.o(!!!main) for __main
    startup_tm4c123.o(.text) refers to startup_tm4c123.o(HEAP) for Heap_Mem
    startup_tm4c123.o(.text) refers to startup_tm4c123.o(STACK) for Stack_Mem
    __main.o(!!!main) refers to rtentry.o(.ARM.Collect$$rtentry$$00000000) for __rt_entry
    daddsub_clz.o(x$fpl$dadd) refers (Special) to usenofp.o(x$fpl$usenofp) for __I$use$fp
    daddsub_clz.o(x$fpl$dadd) refers to daddsub_clz.o(x$fpl$dsub) for _dsub1
    daddsub_clz.o(x$fpl$dadd) refers to dretinf.o(x$fpl$dretinf) for __fpl_dretinf
    daddsub_clz.o(x$fpl$dadd) refers to dnaninf.o(x$fpl$dnaninf) for __fpl_dnaninf
    daddsub_clz.o(x$fpl$drsb) refers (Special) to usenofp.o(x$fpl$usenofp) for __I$use$fp
    daddsub_clz.o(x$fpl$drsb) refers to daddsub_clz.o(x$fpl$dadd) for _dadd1
    daddsub_clz.o(x$fpl$drsb) refers to daddsub_clz.o(x$fpl$dsub) for _dsub1
    daddsub_clz.o(x$fpl$dsub) refers (Special) to usenofp.o(x$fpl$usenofp) for __I$use$fp
    daddsub_clz.o(x$fpl$dsub) refers to daddsub_clz.o(x$fpl$dadd) for _dadd1
    daddsub_clz.o(x$fpl$dsub) refers to dnaninf.o(x$fpl$dnaninf) for __fpl_dnaninf
    ddiv.o(x$fpl$drdiv) refers (Special) to usenofp.o(x$fpl$usenofp) for __I$use$fp
    ddiv.o(x$fpl$drdiv) refers to ddiv.o(x$fpl$ddiv) for ddiv_entry
    ddiv.o(x$fpl$ddiv) refers (Special) to usenofp.o(x$fpl$usenofp) for __I$use$fp
    ddiv.o(x$fpl$ddiv) refers to dretinf.o(x$fpl$dretinf) for __fpl_dretinf
    ddiv.o(x$fpl$ddiv) refers to dnaninf.o(x$fpl$dnaninf) for __fpl_dnaninf
    deqf.o(x$fpl$deqf) refers (Special) to usenofp.o(x$fpl$usenofp) for __I$use$fp
    deqf.o(x$fpl$deqf) refers to dnaninf.o(x$fpl$dnaninf) for __fpl_dnaninf
    deqf.o(x$fpl$deqf) refers to dcmpi.o(x$fpl$dcmpinf) for __fpl_dcmp_Inf
    dmul.o(x$fpl$dmul) refers (Special) to usenofp.o(x$fpl$usenofp) for __I$use$fp
    dmul.o(x$fpl$dmul) refers to dretinf.o(x$fpl$dretinf) for __fpl_dretinf
    dmul.o(x$fpl$dmul) refers to dnaninf.o(x$fpl$dnaninf) for __fpl_dnaninf
    drleqf.o(x$fpl$drleqf) refers (Special) to usenofp.o(x$fpl$usenofp) for __I$use$fp
    drleqf.o(x$fpl$drleqf) refers to dleqf.o(x$fpl$dleqf) for __fpl_dcmple_InfNaN
    atan2.o(i.__softfp_atan2) refers (Special) to usenofp.o(x$fpl$usenofp) for __I$use$fp
    atan2.o(i.__softfp_atan2) refers to atan2.o(i.atan2) for atan2
    atan2.o(i.atan2) refers (Special) to usenofp.o(x$fpl$usenofp) for __I$use$fp
    atan2.o(i.atan2) refers to daddsub_clz.o(x$fpl$dadd) for __aeabi_dadd
    atan2.o(i.atan2) refers to atan.o(i.atan) for atan
    atan2.o(i.atan2) refers to ddiv.o(x$fpl$ddiv) for __aeabi_ddiv
    atan2.o(i.atan2) refers to daddsub_clz.o(x$fpl$dsub) for __aeabi_dsub
    atan2.o(i.atan2) refers to daddsub_clz.o(x$fpl$drsb) for __aeabi_drsub
    atan2.o(i.atan2) refers to qnan.o(.constdata) for __mathlib_zero
    atan2_x.o(i.____softfp_atan2$lsc) refers (Special) to usenofp.o(x$fpl$usenofp) for __I$use$fp
    atan2_x.o(i.____softfp_atan2$lsc) refers to atan2_x.o(i.__atan2$lsc) for __atan2$lsc
    atan2_x.o(i.__atan2$lsc) refers (Special) to usenofp.o(x$fpl$usenofp) for __I$use$fp
    atan2_x.o(i.__atan2$lsc) refers to daddsub_clz.o(x$fpl$dadd) for __aeabi_dadd
    atan2_x.o(i.__atan2$lsc) refers to atan.o(i.atan) for atan
    atan2_x.o(i.__atan2$lsc) refers to _rserrno.o(.text) for __set_errno
    atan2_x.o(i.__atan2$lsc) refers to ddiv.o(x$fpl$ddiv) for __aeabi_ddiv
    atan2_x.o(i.__atan2$lsc) refers to daddsub_clz.o(x$fpl$dsub) for __aeabi_dsub
    atan2_x.o(i.__atan2$lsc) refers to daddsub_clz.o(x$fpl$drsb) for __aeabi_drsub
    atan2_x.o(i.__atan2$lsc) refers to qnan.o(.constdata) for __mathlib_zero
    cos.o(i.__softfp_cos) refers (Special) to usenofp.o(x$fpl$usenofp) for __I$use$fp
    cos.o(i.__softfp_cos) refers to cos.o(i.cos) for cos
    cos.o(i.cos) refers (Special) to usenofp.o(x$fpl$usenofp) for __I$use$fp
    cos.o(i.cos) refers to _rserrno.o(.text) for __set_errno
    cos.o(i.cos) refers to ddiv.o(x$fpl$ddiv) for __aeabi_ddiv
    cos.o(i.cos) refers to scalbn.o(x$fpl$scalbn) for __ARM_scalbn
    cos.o(i.cos) refers to rred.o(i.__ieee754_rem_pio2) for __ieee754_rem_pio2
    cos.o(i.cos) refers to sin_i.o(i.__kernel_sin) for __kernel_sin
    cos.o(i.cos) refers to cos_i.o(i.__kernel_cos) for __kernel_cos
    cos_x.o(i.____softfp_cos$lsc) refers (Special) to usenofp.o(x$fpl$usenofp) for __I$use$fp
    cos_x.o(i.____softfp_cos$lsc) refers to cos_x.o(i.__cos$lsc) for __cos$lsc
    cos_x.o(i.__cos$lsc) refers (Special) to usenofp.o(x$fpl$usenofp) for __I$use$fp
    cos_x.o(i.__cos$lsc) refers to _rserrno.o(.text) for __set_errno
    cos_x.o(i.__cos$lsc) refers to scalbn.o(x$fpl$scalbn) for __ARM_scalbn
    cos_x.o(i.__cos$lsc) refers to rred.o(i.__ieee754_rem_pio2) for __ieee754_rem_pio2
    cos_x.o(i.__cos$lsc) refers to sin_i.o(i.__kernel_sin) for __kernel_sin
    cos_x.o(i.__cos$lsc) refers to cos_i.o(i.__kernel_cos) for __kernel_cos
    sin.o(i.__softfp_sin) refers (Special) to usenofp.o(x$fpl$usenofp) for __I$use$fp
    sin.o(i.__softfp_sin) refers to sin.o(i.sin) for sin
    sin.o(i.sin) refers (Special) to usenofp.o(x$fpl$usenofp) for __I$use$fp
    sin.o(i.sin) refers to _rserrno.o(.text) for __set_errno
    sin.o(i.sin) refers to ddiv.o(x$fpl$ddiv) for __aeabi_ddiv
    sin.o(i.sin) refers to scalbn.o(x$fpl$scalbn) for __ARM_scalbn
    sin.o(i.sin) refers to rred.o(i.__ieee754_rem_pio2) for __ieee754_rem_pio2
    sin.o(i.sin) refers to cos_i.o(i.__kernel_cos) for __kernel_cos
    sin.o(i.sin) refers to sin_i.o(i.__kernel_sin) for __kernel_sin
    sin_x.o(i.____softfp_sin$lsc) refers (Special) to usenofp.o(x$fpl$usenofp) for __I$use$fp
    sin_x.o(i.____softfp_sin$lsc) refers to sin_x.o(i.__sin$lsc) for __sin$lsc
    sin_x.o(i.__sin$lsc) refers (Special) to usenofp.o(x$fpl$usenofp) for __I$use$fp
    sin_x.o(i.__sin$lsc) refers to _rserrno.o(.text) for __set_errno
    sin_x.o(i.__sin$lsc) refers to scalbn.o(x$fpl$scalbn) for __ARM_scalbn
    sin_x.o(i.__sin$lsc) refers to rred.o(i.__ieee754_rem_pio2) for __ieee754_rem_pio2
    sin_x.o(i.__sin$lsc) refers to cos_i.o(i.__kernel_cos) for __kernel_cos
    sin_x.o(i.__sin$lsc) refers to sin_i.o(i.__kernel_sin) for __kernel_sin
    sqrt.o(i.__softfp_sqrt) refers (Special) to usenofp.o(x$fpl$usenofp) for __I$use$fp
    sqrt.o(i.__softfp_sqrt) refers to dsqrt_umaal.o(x$fpl$dsqrt) for _dsqrt
    sqrt.o(i.__softfp_sqrt) refers to _rserrno.o(.text) for __set_errno
    sqrt.o(i.sqrt) refers (Special) to usenofp.o(x$fpl$usenofp) for __I$use$fp
    sqrt.o(i.sqrt) refers to dsqrt_umaal.o(x$fpl$dsqrt) for _dsqrt
    sqrt.o(i.sqrt) refers to _rserrno.o(.text) for __set_errno
    sqrt_x.o(i.____softfp_sqrt$lsc) refers (Special) to usenofp.o(x$fpl$usenofp) for __I$use$fp
    sqrt_x.o(i.____softfp_sqrt$lsc) refers to dleqf.o(x$fpl$dleqf) for __aeabi_cdcmple
    sqrt_x.o(i.____softfp_sqrt$lsc) refers to _rserrno.o(.text) for __set_errno
    sqrt_x.o(i.____softfp_sqrt$lsc) refers to dsqrt_umaal.o(x$fpl$dsqrt) for _dsqrt
    sqrt_x.o(i.__sqrt$lsc) refers (Special) to usenofp.o(x$fpl$usenofp) for __I$use$fp
    sqrt_x.o(i.__sqrt$lsc) refers to dleqf.o(x$fpl$dleqf) for __aeabi_cdcmple
    sqrt_x.o(i.__sqrt$lsc) refers to _rserrno.o(.text) for __set_errno
    sqrt_x.o(i.__sqrt$lsc) refers to dsqrt_umaal.o(x$fpl$dsqrt) for _dsqrt
    rtentry.o(.ARM.Collect$$rtentry$$00000000) refers (Special) to rtentry2.o(.ARM.Collect$$rtentry$$0000000A) for __rt_entry_li
    rtentry.o(.ARM.Collect$$rtentry$$00000000) refers (Special) to rtentry2.o(.ARM.Collect$$rtentry$$0000000D) for __rt_entry_main
    rtentry.o(.ARM.Collect$$rtentry$$00000000) refers (Special) to rtentry2.o(.ARM.Collect$$rtentry$$0000000C) for __rt_entry_postli_1
    rtentry.o(.ARM.Collect$$rtentry$$00000000) refers (Special) to rtentry2.o(.ARM.Collect$$rtentry$$00000009) for __rt_entry_postsh_1
    rtentry.o(.ARM.Collect$$rtentry$$00000000) refers (Special) to rtentry2.o(.ARM.Collect$$rtentry$$00000002) for __rt_entry_presh_1
    rtentry.o(.ARM.Collect$$rtentry$$00000000) refers (Special) to rtentry4.o(.ARM.Collect$$rtentry$$00000004) for __rt_entry_sh
    _rserrno.o(.text) refers to rt_errno_addr_intlibspace.o(.text) for __aeabi_errno_addr
    dcmpi.o(x$fpl$dcmpinf) refers (Special) to usenofp.o(x$fpl$usenofp) for __I$use$fp
    dleqf.o(x$fpl$dleqf) refers (Special) to usenofp.o(x$fpl$usenofp) for __I$use$fp
    dleqf.o(x$fpl$dleqf) refers to dnaninf.o(x$fpl$dnaninf) for __fpl_dnaninf
    dleqf.o(x$fpl$dleqf) refers to dcmpi.o(x$fpl$dcmpinf) for __fpl_dcmp_Inf
    dnaninf.o(x$fpl$dnaninf) refers (Special) to usenofp.o(x$fpl$usenofp) for __I$use$fp
    dretinf.o(x$fpl$dretinf) refers (Special) to usenofp.o(x$fpl$usenofp) for __I$use$fp
    dsqrt_umaal.o(x$fpl$dsqrt) refers (Special) to usenofp.o(x$fpl$usenofp) for __I$use$fp
    dsqrt_umaal.o(x$fpl$dsqrt) refers to dnaninf.o(x$fpl$dnaninf) for __fpl_dnaninf
    scalbn.o(x$fpl$scalbn) refers (Special) to usenofp.o(x$fpl$usenofp) for __I$use$fp
    scalbn.o(x$fpl$scalbn) refers to dcheck1.o(x$fpl$dcheck1) for __fpl_dcheck_NaN1
    atan.o(i.__softfp_atan) refers (Special) to usenofp.o(x$fpl$usenofp) for __I$use$fp
    atan.o(i.__softfp_atan) refers to atan.o(i.atan) for atan
    atan.o(i.atan) refers (Special) to usenofp.o(x$fpl$usenofp) for __I$use$fp
    atan.o(i.atan) refers to scalbn.o(x$fpl$scalbn) for __ARM_scalbn
    atan.o(i.atan) refers to fpclassify.o(i.__ARM_fpclassify) for __ARM_fpclassify
    atan.o(i.atan) refers to dunder.o(i.__mathlib_dbl_underflow) for __mathlib_dbl_underflow
    atan.o(i.atan) refers to daddsub_clz.o(x$fpl$dadd) for __aeabi_dadd
    atan.o(i.atan) refers to daddsub_clz.o(x$fpl$dsub) for __aeabi_dsub
    atan.o(i.atan) refers to ddiv.o(x$fpl$ddiv) for __aeabi_ddiv
    atan.o(i.atan) refers to dmul.o(x$fpl$dmul) for __aeabi_dmul
    atan.o(i.atan) refers to poly.o(i.__kernel_poly) for __kernel_poly
    atan.o(i.atan) refers to daddsub_clz.o(x$fpl$drsb) for __aeabi_drsub
    atan.o(i.atan) refers to atan.o(.constdata) for .constdata
    atan.o(.constdata) refers (Special) to usenofp.o(x$fpl$usenofp) for __I$use$fp
    atan_x.o(i.____softfp_atan$lsc) refers (Special) to usenofp.o(x$fpl$usenofp) for __I$use$fp
    atan_x.o(i.____softfp_atan$lsc) refers to atan_x.o(i.__atan$lsc) for __atan$lsc
    atan_x.o(i.__atan$lsc) refers (Special) to usenofp.o(x$fpl$usenofp) for __I$use$fp
    atan_x.o(i.__atan$lsc) refers to scalbn.o(x$fpl$scalbn) for __ARM_scalbn
    atan_x.o(i.__atan$lsc) refers to daddsub_clz.o(x$fpl$dadd) for __aeabi_dadd
    atan_x.o(i.__atan$lsc) refers to daddsub_clz.o(x$fpl$dsub) for __aeabi_dsub
    atan_x.o(i.__atan$lsc) refers to ddiv.o(x$fpl$ddiv) for __aeabi_ddiv
    atan_x.o(i.__atan$lsc) refers to dmul.o(x$fpl$dmul) for __aeabi_dmul
    atan_x.o(i.__atan$lsc) refers to poly.o(i.__kernel_poly) for __kernel_poly
    atan_x.o(i.__atan$lsc) refers to daddsub_clz.o(x$fpl$drsb) for __aeabi_drsub
    atan_x.o(i.__atan$lsc) refers to atan_x.o(.constdata) for .constdata
    atan_x.o(.constdata) refers (Special) to usenofp.o(x$fpl$usenofp) for __I$use$fp
    cos_i.o(i.__kernel_cos) refers (Special) to usenofp.o(x$fpl$usenofp) for __I$use$fp
    cos_i.o(i.__kernel_cos) refers to dfix.o(x$fpl$dfix) for __aeabi_d2iz
    cos_i.o(i.__kernel_cos) refers to dmul.o(x$fpl$dmul) for __aeabi_dmul
    cos_i.o(i.__kernel_cos) refers to poly.o(i.__kernel_poly) for __kernel_poly
    cos_i.o(i.__kernel_cos) refers to daddsub_clz.o(x$fpl$dsub) for __aeabi_dsub
    cos_i.o(i.__kernel_cos) refers to scalbn.o(x$fpl$scalbn) for __ARM_scalbn
    cos_i.o(i.__kernel_cos) refers to daddsub_clz.o(x$fpl$drsb) for __aeabi_drsub
    cos_i.o(i.__kernel_cos) refers to cos_i.o(.constdata) for .constdata
    cos_i.o(.constdata) refers (Special) to usenofp.o(x$fpl$usenofp) for __I$use$fp
    qnan.o(.constdata) refers (Special) to usenofp.o(x$fpl$usenofp) for __I$use$fp
    rred.o(i.__ieee754_rem_pio2) refers (Special) to usenofp.o(x$fpl$usenofp) for __I$use$fp
    rred.o(i.__ieee754_rem_pio2) refers to daddsub_clz.o(x$fpl$dsub) for __aeabi_dsub
    rred.o(i.__ieee754_rem_pio2) refers to daddsub_clz.o(x$fpl$dadd) for __aeabi_dadd
    rred.o(i.__ieee754_rem_pio2) refers to dmul.o(x$fpl$dmul) for __aeabi_dmul
    rred.o(i.__ieee754_rem_pio2) refers to dfix.o(x$fpl$dfix) for __aeabi_d2iz
    rred.o(i.__ieee754_rem_pio2) refers to dflt_clz.o(x$fpl$dflt) for __aeabi_i2d
    rred.o(i.__ieee754_rem_pio2) refers to daddsub_clz.o(x$fpl$drsb) for __aeabi_drsub
    rred.o(i.__ieee754_rem_pio2) refers to dflt_clz.o(x$fpl$dfltu) for __aeabi_ui2d
    rred.o(i.__ieee754_rem_pio2) refers to scalbn.o(x$fpl$scalbn) for __ARM_scalbn
    rred.o(i.__ieee754_rem_pio2) refers to rred.o(.constdata) for .constdata
    rred.o(i.__use_accurate_range_reduction) refers (Special) to usenofp.o(x$fpl$usenofp) for __I$use$fp
    rred.o(.constdata) refers (Special) to usenofp.o(x$fpl$usenofp) for __I$use$fp
    sin_i.o(i.__kernel_sin) refers (Special) to usenofp.o(x$fpl$usenofp) for __I$use$fp
    sin_i.o(i.__kernel_sin) refers to fpclassify.o(i.__ARM_fpclassify) for __ARM_fpclassify
    sin_i.o(i.__kernel_sin) refers to dunder.o(i.__mathlib_dbl_underflow) for __mathlib_dbl_underflow
    sin_i.o(i.__kernel_sin) refers to dmul.o(x$fpl$dmul) for __aeabi_dmul
    sin_i.o(i.__kernel_sin) refers to poly.o(i.__kernel_poly) for __kernel_poly
    sin_i.o(i.__kernel_sin) refers to scalbn.o(x$fpl$scalbn) for __ARM_scalbn
    sin_i.o(i.__kernel_sin) refers to daddsub_clz.o(x$fpl$dsub) for __aeabi_dsub
    sin_i.o(i.__kernel_sin) refers to daddsub_clz.o(x$fpl$drsb) for __aeabi_drsub
    sin_i.o(i.__kernel_sin) refers to daddsub_clz.o(x$fpl$dadd) for __aeabi_dadd
    sin_i.o(i.__kernel_sin) refers to sin_i.o(.constdata) for .constdata
    sin_i.o(.constdata) refers (Special) to usenofp.o(x$fpl$usenofp) for __I$use$fp
    sin_i_x.o(i.____kernel_sin$lsc) refers (Special) to usenofp.o(x$fpl$usenofp) for __I$use$fp
    sin_i_x.o(i.____kernel_sin$lsc) refers to dmul.o(x$fpl$dmul) for __aeabi_dmul
    sin_i_x.o(i.____kernel_sin$lsc) refers to poly.o(i.__kernel_poly) for __kernel_poly
    sin_i_x.o(i.____kernel_sin$lsc) refers to scalbn.o(x$fpl$scalbn) for __ARM_scalbn
    sin_i_x.o(i.____kernel_sin$lsc) refers to daddsub_clz.o(x$fpl$dsub) for __aeabi_dsub
    sin_i_x.o(i.____kernel_sin$lsc) refers to daddsub_clz.o(x$fpl$drsb) for __aeabi_drsub
    sin_i_x.o(i.____kernel_sin$lsc) refers to daddsub_clz.o(x$fpl$dadd) for __aeabi_dadd
    sin_i_x.o(i.____kernel_sin$lsc) refers to sin_i_x.o(.constdata) for .constdata
    sin_i_x.o(.constdata) refers (Special) to usenofp.o(x$fpl$usenofp) for __I$use$fp
    rtentry2.o(.ARM.Collect$$rtentry$$00000008) refers to boardinit2.o(.text) for _platform_post_stackheap_init
    rtentry2.o(.ARM.Collect$$rtentry$$0000000A) refers to libinit.o(.ARM.Collect$$libinit$$00000000) for __rt_lib_init
    rtentry2.o(.ARM.Collect$$rtentry$$0000000B) refers to boardinit3.o(.text) for _platform_post_lib_init
    rtentry2.o(.ARM.Collect$$rtentry$$0000000D) refers to firstmilestone.o(.text) for main
    rtentry2.o(.ARM.Collect$$rtentry$$0000000D) refers to exit.o(.text) for exit
    rtentry2.o(.ARM.exidx) refers to rtentry2.o(.ARM.Collect$$rtentry$$00000001) for .ARM.Collect$$rtentry$$00000001
    rtentry2.o(.ARM.exidx) refers to rtentry2.o(.ARM.Collect$$rtentry$$00000008) for .ARM.Collect$$rtentry$$00000008
    rtentry2.o(.ARM.exidx) refers to rtentry2.o(.ARM.Collect$$rtentry$$0000000A) for .ARM.Collect$$rtentry$$0000000A
    rtentry2.o(.ARM.exidx) refers to rtentry2.o(.ARM.Collect$$rtentry$$0000000B) for .ARM.Collect$$rtentry$$0000000B
    rtentry2.o(.ARM.exidx) refers to rtentry2.o(.ARM.Collect$$rtentry$$0000000D) for .ARM.Collect$$rtentry$$0000000D
    rtentry4.o(.ARM.Collect$$rtentry$$00000004) refers to sys_stackheap_outer.o(.text) for __user_setup_stackheap
    rtentry4.o(.ARM.exidx) refers to rtentry4.o(.ARM.Collect$$rtentry$$00000004) for .ARM.Collect$$rtentry$$00000004
    rt_errno_addr.o(.text) refers to rt_errno_addr.o(.bss) for __aeabi_errno_addr_data
    rt_errno_addr_intlibspace.o(.text) refers to libspace.o(.bss) for __libspace_start
    dcheck1.o(x$fpl$dcheck1) refers (Special) to usenofp.o(x$fpl$usenofp) for __I$use$fp
    dcheck1.o(x$fpl$dcheck1) refers to retnan.o(x$fpl$retnan) for __fpl_return_NaN
    dfix.o(x$fpl$dfix) refers (Special) to usenofp.o(x$fpl$usenofp) for __I$use$fp
    dfix.o(x$fpl$dfix) refers to dnaninf.o(x$fpl$dnaninf) for __fpl_dnaninf
    dfix.o(x$fpl$dfixr) refers (Special) to usenofp.o(x$fpl$usenofp) for __I$use$fp
    dfix.o(x$fpl$dfixr) refers to dnaninf.o(x$fpl$dnaninf) for __fpl_dnaninf
    dflt_clz.o(x$fpl$dfltu) refers (Special) to usenofp.o(x$fpl$usenofp) for __I$use$fp
    dflt_clz.o(x$fpl$dflt) refers (Special) to usenofp.o(x$fpl$usenofp) for __I$use$fp
    dflt_clz.o(x$fpl$dfltn) refers (Special) to usenofp.o(x$fpl$usenofp) for __I$use$fp
    dunder.o(i.__mathlib_dbl_underflow) refers to scalbn.o(x$fpl$scalbn) for __ARM_scalbn
    fpclassify.o(i.__ARM_fpclassify) refers (Special) to usenofp.o(x$fpl$usenofp) for __I$use$fp
    poly.o(i.__kernel_poly) refers (Special) to usenofp.o(x$fpl$usenofp) for __I$use$fp
    poly.o(i.__kernel_poly) refers to dmul.o(x$fpl$dmul) for __aeabi_dmul
    poly.o(i.__kernel_poly) refers to daddsub_clz.o(x$fpl$dadd) for __aeabi_dadd
    libspace.o(.text) refers to libspace.o(.bss) for __libspace_start
    sys_stackheap_outer.o(.text) refers to libspace.o(.text) for __user_perproc_libspace
    sys_stackheap_outer.o(.text) refers to startup_tm4c123.o(.text) for __user_initial_stackheap
    exit.o(.text) refers to rtexit.o(.ARM.Collect$$rtexit$$00000000) for __rt_exit
    libinit.o(.ARM.Collect$$libinit$$00000000) refers (Special) to libinit2.o(.ARM.Collect$$libinit$$0000002C) for __rt_lib_init_alloca_1
    libinit.o(.ARM.Collect$$libinit$$00000000) refers (Special) to libinit2.o(.ARM.Collect$$libinit$$0000002A) for __rt_lib_init_argv_1
    libinit.o(.ARM.Collect$$libinit$$00000000) refers (Special) to libinit2.o(.ARM.Collect$$libinit$$00000019) for __rt_lib_init_atexit_1
    libinit.o(.ARM.Collect$$libinit$$00000000) refers (Special) to libinit2.o(.ARM.Collect$$libinit$$0000001F) for __rt_lib_init_clock_1
    libinit.o(.ARM.Collect$$libinit$$00000000) refers (Special) to libinit2.o(.ARM.Collect$$libinit$$00000030) for __rt_lib_init_cpp_1
    libinit.o(.ARM.Collect$$libinit$$00000000) refers (Special) to libinit2.o(.ARM.Collect$$libinit$$0000002E) for __rt_lib_init_exceptions_1
    libinit.o(.ARM.Collect$$libinit$$00000000) refers (Special) to libinit2.o(.ARM.Collect$$libinit$$00000002) for __rt_lib_init_fp_1
    libinit.o(.ARM.Collect$$libinit$$00000000) refers (Special) to libinit2.o(.ARM.Collect$$libinit$$0000001D) for __rt_lib_init_fp_trap_1
    libinit.o(.ARM.Collect$$libinit$$00000000) refers (Special) to libinit2.o(.ARM.Collect$$libinit$$00000021) for __rt_lib_init_getenv_1
    libinit.o(.ARM.Collect$$libinit$$00000000) refers (Special) to libinit2.o(.ARM.Collect$$libinit$$00000008) for __rt_lib_init_heap_1
    libinit.o(.ARM.Collect$$libinit$$00000000) refers (Special) to libinit2.o(.ARM.Collect$$libinit$$0000000F) for __rt_lib_init_lc_collate_1
    libinit.o(.ARM.Collect$$libinit$$00000000) refers (Special) to libinit2.o(.ARM.Collect$$libinit$$00000011) for __rt_lib_init_lc_ctype_1
    libinit.o(.ARM.Collect$$libinit$$00000000) refers (Special) to libinit2.o(.ARM.Collect$$libinit$$00000013) for __rt_lib_init_lc_monetary_1
    libinit.o(.ARM.Collect$$libinit$$00000000) refers (Special) to libinit2.o(.ARM.Collect$$libinit$$00000015) for __rt_lib_init_lc_numeric_1
    libinit.o(.ARM.Collect$$libinit$$00000000) refers (Special) to libinit2.o(.ARM.Collect$$libinit$$00000017) for __rt_lib_init_lc_time_1
    libinit.o(.ARM.Collect$$libinit$$00000000) refers (Special) to libinit2.o(.ARM.Collect$$libinit$$0000000C) for __rt_lib_init_rand_1
    libinit.o(.ARM.Collect$$libinit$$00000000) refers (Special) to libinit2.o(.ARM.Collect$$libinit$$00000031) for __rt_lib_init_return
    libinit.o(.ARM.Collect$$libinit$$00000000) refers (Special) to libinit2.o(.ARM.Collect$$libinit$$0000001B) for __rt_lib_init_signal_1
    libinit.o(.ARM.Collect$$libinit$$00000000) refers (Special) to libinit2.o(.ARM.Collect$$libinit$$00000023) for __rt_lib_init_stdio_1
    libinit.o(.ARM.Collect$$libinit$$00000000) refers (Special) to libinit2.o(.ARM.Collect$$libinit$$0000000A) for __rt_lib_init_user_alloc_1
    retnan.o(x$fpl$retnan) refers (Special) to usenofp.o(x$fpl$usenofp) for __I$use$fp
    retnan.o(x$fpl$retnan) refers to trapv.o(x$fpl$trapveneer) for __fpl_cmpreturn
    rtexit.o(.ARM.Collect$$rtexit$$00000000) refers (Special) to rtexit2.o(.ARM.Collect$$rtexit$$00000004) for __rt_exit_exit
    rtexit.o(.ARM.Collect$$rtexit$$00000000) refers (Special) to rtexit2.o(.ARM.Collect$$rtexit$$00000003) for __rt_exit_ls
    rtexit.o(.ARM.Collect$$rtexit$$00000000) refers (Special) to rtexit2.o(.ARM.Collect$$rtexit$$00000002) for __rt_exit_prels_1
    rtexit.o(.ARM.exidx) refers (Special) to rtexit2.o(.ARM.Collect$$rtexit$$00000004) for __rt_exit_exit
    rtexit.o(.ARM.exidx) refers (Special) to rtexit2.o(.ARM.Collect$$rtexit$$00000003) for __rt_exit_ls
    rtexit.o(.ARM.exidx) refers (Special) to rtexit2.o(.ARM.Collect$$rtexit$$00000002) for __rt_exit_prels_1
    rtexit.o(.ARM.exidx) refers to rtexit.o(.ARM.Collect$$rtexit$$00000000) for .ARM.Collect$$rtexit$$00000000
    libinit2.o(.ARM.Collect$$libinit$$0000000E) refers to libinit2.o(.ARM.Collect$$libinit$$0000000D) for .ARM.Collect$$libinit$$0000000D
    libinit2.o(.ARM.Collect$$libinit$$00000010) refers to libinit2.o(.ARM.Collect$$libinit$$0000000D) for .ARM.Collect$$libinit$$0000000D
    libinit2.o(.ARM.Collect$$libinit$$00000012) refers to libinit2.o(.ARM.Collect$$libinit$$0000000D) for .ARM.Collect$$libinit$$0000000D
    libinit2.o(.ARM.Collect$$libinit$$00000014) refers to libinit2.o(.ARM.Collect$$libinit$$0000000D) for .ARM.Collect$$libinit$$0000000D
    libinit2.o(.ARM.Collect$$libinit$$00000016) refers to libinit2.o(.ARM.Collect$$libinit$$0000000D) for .ARM.Collect$$libinit$$0000000D
    libinit2.o(.ARM.Collect$$libinit$$00000024) refers to argv_veneer.o(.emb_text) for __ARM_argv_veneer
    libinit2.o(.ARM.Collect$$libinit$$00000025) refers to argv_veneer.o(.emb_text) for __ARM_argv_veneer
    trapv.o(x$fpl$trapveneer) refers (Special) to usenofp.o(x$fpl$usenofp) for __I$use$fp
    rtexit2.o(.ARM.Collect$$rtexit$$00000003) refers to libshutdown.o(.ARM.Collect$$libshutdown$$00000000) for __rt_lib_shutdown
    rtexit2.o(.ARM.Collect$$rtexit$$00000004) refers to sys_exit.o(.text) for _sys_exit
    rtexit2.o(.ARM.exidx) refers to rtexit2.o(.ARM.Collect$$rtexit$$00000001) for .ARM.Collect$$rtexit$$00000001
    rtexit2.o(.ARM.exidx) refers to rtexit2.o(.ARM.Collect$$rtexit$$00000003) for .ARM.Collect$$rtexit$$00000003
    rtexit2.o(.ARM.exidx) refers to rtexit2.o(.ARM.Collect$$rtexit$$00000004) for .ARM.Collect$$rtexit$$00000004
    argv_veneer.o(.emb_text) refers to no_argv.o(.text) for __ARM_get_argv
    sys_exit.o(.text) refers (Special) to use_no_semi.o(.text) for __I$use$semihosting
    sys_exit.o(.text) refers (Special) to indicate_semi.o(.text) for __semihosting_library_function
    _get_argv_nomalloc.o(.text) refers (Special) to hrguard.o(.text) for __heap_region$guard
    _get_argv_nomalloc.o(.text) refers to defsig_rtmem_outer.o(.text) for __rt_SIGRTMEM
    _get_argv_nomalloc.o(.text) refers to sys_command.o(.text) for _sys_command_string
    libshutdown.o(.ARM.Collect$$libshutdown$$00000000) refers (Special) to libshutdown2.o(.ARM.Collect$$libshutdown$$00000006) for __rt_lib_shutdown_fp_trap_1
    libshutdown.o(.ARM.Collect$$libshutdown$$00000000) refers (Special) to libshutdown2.o(.ARM.Collect$$libshutdown$$0000000E) for __rt_lib_shutdown_heap_1
    libshutdown.o(.ARM.Collect$$libshutdown$$00000000) refers (Special) to libshutdown2.o(.ARM.Collect$$libshutdown$$0000000F) for __rt_lib_shutdown_return
    libshutdown.o(.ARM.Collect$$libshutdown$$00000000) refers (Special) to libshutdown2.o(.ARM.Collect$$libshutdown$$00000009) for __rt_lib_shutdown_signal_1
    libshutdown.o(.ARM.Collect$$libshutdown$$00000000) refers (Special) to libshutdown2.o(.ARM.Collect$$libshutdown$$00000003) for __rt_lib_shutdown_stdio_1
    libshutdown.o(.ARM.Collect$$libshutdown$$00000000) refers (Special) to libshutdown2.o(.ARM.Collect$$libshutdown$$0000000B) for __rt_lib_shutdown_user_alloc_1
    sys_command.o(.text) refers (Special) to use_no_semi.o(.text) for __I$use$semihosting
    sys_command.o(.text) refers (Special) to indicate_semi.o(.text) for __semihosting_library_function
    defsig_rtmem_outer.o(.text) refers to defsig_rtmem_inner.o(.text) for __rt_SIGRTMEM_inner
    defsig_rtmem_outer.o(.text) refers to defsig_exit.o(.text) for __sig_exit
    defsig_rtmem_formal.o(.text) refers to rt_raise.o(.text) for __rt_raise
    rt_raise.o(.text) refers to __raise.o(.text) for __raise
    rt_raise.o(.text) refers to sys_exit.o(.text) for _sys_exit
    defsig_exit.o(.text) refers to sys_exit.o(.text) for _sys_exit
    defsig_rtmem_inner.o(.text) refers to defsig_general.o(.text) for __default_signal_display
    __raise.o(.text) refers to defsig.o(CL$$defsig) for __default_signal_handler
    defsig_general.o(.text) refers to sys_wrch.o(.text) for _ttywrch
    sys_wrch.o(.text) refers (Special) to use_no_semi.o(.text) for __I$use$semihosting
    sys_wrch.o(.text) refers (Special) to indicate_semi.o(.text) for __semihosting_library_function
    defsig.o(CL$$defsig) refers to defsig_rtmem_inner.o(.text) for __rt_SIGRTMEM_inner
    defsig_abrt_inner.o(.text) refers to defsig_general.o(.text) for __default_signal_display
    defsig_fpe_inner.o(.text) refers to defsig_general.o(.text) for __default_signal_display
    defsig_rtred_inner.o(.text) refers to defsig_general.o(.text) for __default_signal_display
    defsig_stak_inner.o(.text) refers to defsig_general.o(.text) for __default_signal_display
    defsig_pvfn_inner.o(.text) refers to defsig_general.o(.text) for __default_signal_display
    defsig_cppl_inner.o(.text) refers to defsig_general.o(.text) for __default_signal_display
    defsig_segv_inner.o(.text) refers to defsig_general.o(.text) for __default_signal_display
    defsig_other.o(.text) refers to defsig_general.o(.text) for __default_signal_display


==============================================================================

Memory Map of the image

  Image Entry point : 0x00000000

  Load Region LR_1 (Base: 0x00000000, Size: 0x00002530, Max: 0xffffffff, ABSOLUTE)

    Execution Region ER_RO (Base: 0x00000000, Size: 0x00002520, Max: 0xffffffff, ABSOLUTE)

    Base Addr    Size         Type   Attr      Idx    E Section Name        Object

    0x00000000   0x0000026c   Data   RO           30    RESET               startup_tm4c123.o
    0x0000026c   0x00000008   Code   RO           40  * !!!main             c_w.l(__main.o)
    0x00000274   0x00000002   Code   RO          181    .ARM.Collect$$libinit$$00000000  c_w.l(libinit.o)
    0x00000276   0x00000000   Code   RO          187    .ARM.Collect$$libinit$$00000002  c_w.l(libinit2.o)
    0x00000276   0x00000000   Code   RO          190    .ARM.Collect$$libinit$$00000008  c_w.l(libinit2.o)
    0x00000276   0x00000000   Code   RO          192    .ARM.Collect$$libinit$$0000000A  c_w.l(libinit2.o)
    0x00000276   0x00000000   Code   RO          194    .ARM.Collect$$libinit$$0000000C  c_w.l(libinit2.o)
    0x00000276   0x00000000   Code   RO          197    .ARM.Collect$$libinit$$0000000F  c_w.l(libinit2.o)
    0x00000276   0x00000000   Code   RO          199    .ARM.Collect$$libinit$$00000011  c_w.l(libinit2.o)
    0x00000276   0x00000000   Code   RO          201    .ARM.Collect$$libinit$$00000013  c_w.l(libinit2.o)
    0x00000276   0x00000000   Code   RO          203    .ARM.Collect$$libinit$$00000015  c_w.l(libinit2.o)
    0x00000276   0x00000000   Code   RO          205    .ARM.Collect$$libinit$$00000017  c_w.l(libinit2.o)
    0x00000276   0x00000000   Code   RO          207    .ARM.Collect$$libinit$$00000019  c_w.l(libinit2.o)
    0x00000276   0x00000000   Code   RO          209    .ARM.Collect$$libinit$$0000001B  c_w.l(libinit2.o)
    0x00000276   0x00000000   Code   RO          211    .ARM.Collect$$libinit$$0000001D  c_w.l(libinit2.o)
    0x00000276   0x00000000   Code   RO          213    .ARM.Collect$$libinit$$0000001F  c_w.l(libinit2.o)
    0x00000276   0x00000000   Code   RO          215    .ARM.Collect$$libinit$$00000021  c_w.l(libinit2.o)
    0x00000276   0x00000000   Code   RO          217    .ARM.Collect$$libinit$$00000023  c_w.l(libinit2.o)
    0x00000276   0x00000000   Code   RO          221    .ARM.Collect$$libinit$$0000002A  c_w.l(libinit2.o)
    0x00000276   0x00000000   Code   RO          223    .ARM.Collect$$libinit$$0000002C  c_w.l(libinit2.o)
    0x00000276   0x00000000   Code   RO          225    .ARM.Collect$$libinit$$0000002E  c_w.l(libinit2.o)
    0x00000276   0x00000000   Code   RO          227    .ARM.Collect$$libinit$$00000030  c_w.l(libinit2.o)
    0x00000276   0x00000002   Code   RO          228    .ARM.Collect$$libinit$$00000031  c_w.l(libinit2.o)
    0x00000278   0x00000002   Code   RO          250    .ARM.Collect$$libshutdown$$00000000  c_w.l(libshutdown.o)
    0x0000027a   0x00000000   Code   RO          264    .ARM.Collect$$libshutdown$$00000003  c_w.l(libshutdown2.o)
    0x0000027a   0x00000000   Code   RO          267    .ARM.Collect$$libshutdown$$00000006  c_w.l(libshutdown2.o)
    0x0000027a   0x00000000   Code   RO          270    .ARM.Collect$$libshutdown$$00000009  c_w.l(libshutdown2.o)
    0x0000027a   0x00000000   Code   RO          272    .ARM.Collect$$libshutdown$$0000000B  c_w.l(libshutdown2.o)
    0x0000027a   0x00000000   Code   RO          275    .ARM.Collect$$libshutdown$$0000000E  c_w.l(libshutdown2.o)
    0x0000027a   0x00000002   Code   RO          276    .ARM.Collect$$libshutdown$$0000000F  c_w.l(libshutdown2.o)
    0x0000027c   0x00000000   Code   RO           90    .ARM.Collect$$rtentry$$00000000  c_w.l(rtentry.o)
    0x0000027c   0x00000000   Code   RO          132    .ARM.Collect$$rtentry$$00000002  c_w.l(rtentry2.o)
    0x0000027c   0x00000006   Code   RO          144    .ARM.Collect$$rtentry$$00000004  c_w.l(rtentry4.o)
    0x00000282   0x00000000   Code   RO          134    .ARM.Collect$$rtentry$$00000009  c_w.l(rtentry2.o)
    0x00000282   0x00000004   Code   RO          135    .ARM.Collect$$rtentry$$0000000A  c_w.l(rtentry2.o)
    0x00000286   0x00000000   Code   RO          137    .ARM.Collect$$rtentry$$0000000C  c_w.l(rtentry2.o)
    0x00000286   0x00000008   Code   RO          138    .ARM.Collect$$rtentry$$0000000D  c_w.l(rtentry2.o)
    0x0000028e   0x00000002   Code   RO          184    .ARM.Collect$$rtexit$$00000000  c_w.l(rtexit.o)
    0x00000290   0x00000000   Code   RO          232    .ARM.Collect$$rtexit$$00000002  c_w.l(rtexit2.o)
    0x00000290   0x00000004   Code   RO          233    .ARM.Collect$$rtexit$$00000003  c_w.l(rtexit2.o)
    0x00000294   0x00000006   Code   RO          234    .ARM.Collect$$rtexit$$00000004  c_w.l(rtexit2.o)
    0x0000029a   0x00000002   PAD
    0x0000029c   0x000006d4   Code   RO            1    .text               firstmilestone.o
    0x00000970   0x00000114   Code   RO           31  * .text               startup_tm4c123.o
    0x00000a84   0x00000006   Code   RO           38    .text               c_w.l(heapauxi.o)
    0x00000a8a   0x00000016   Code   RO           91    .text               c_w.l(_rserrno.o)
    0x00000aa0   0x00000008   Code   RO          149    .text               c_w.l(rt_errno_addr_intlibspace.o)
    0x00000aa8   0x00000008   Code   RO          169    .text               c_w.l(libspace.o)
    0x00000ab0   0x0000004a   Code   RO          172    .text               c_w.l(sys_stackheap_outer.o)
    0x00000afa   0x0000000c   Code   RO          174    .text               c_w.l(exit.o)
    0x00000b06   0x00000002   PAD
    0x00000b08   0x0000000c   Code   RO          242    .text               c_w.l(sys_exit.o)
    0x00000b14   0x00000002   Code   RO          253    .text               c_w.l(use_no_semi.o)
    0x00000b16   0x00000000   Code   RO          255    .text               c_w.l(indicate_semi.o)
    0x00000b16   0x00000028   Code   RO          165    i.__ARM_fpclassify  m_ws.l(fpclassify.o)
    0x00000b3e   0x00000002   PAD
    0x00000b40   0x00000388   Code   RO          120    i.__ieee754_rem_pio2  m_ws.l(rred.o)
    0x00000ec8   0x000000fc   Code   RO          116    i.__kernel_cos      m_ws.l(cos_i.o)
    0x00000fc4   0x000000aa   Code   RO          167    i.__kernel_poly     m_ws.l(poly.o)
    0x0000106e   0x00000002   PAD
    0x00001070   0x000000ec   Code   RO          125    i.__kernel_sin      m_ws.l(sin_i.o)
    0x0000115c   0x00000010   Code   RO          163    i.__mathlib_dbl_underflow  m_ws.l(dunder.o)
    0x0000116c   0x00000224   Code   RO          107    i.atan              m_ws.l(atan.o)
    0x00001390   0x00000180   Code   RO           59    i.atan2             m_ws.l(atan2.o)
    0x00001510   0x000000ac   Code   RO           67    i.cos               m_ws.l(cos.o)
    0x000015bc   0x000000b0   Code   RO           75    i.sin               m_ws.l(sin.o)
    0x0000166c   0x0000004c   Code   RO           83    i.sqrt              m_ws.l(sqrt.o)
    0x000016b8   0x00000150   Code   RO           42    x$fpl$dadd          fz_ws.l(daddsub_clz.o)
    0x00001808   0x00000010   Code   RO          151    x$fpl$dcheck1       fz_ws.l(dcheck1.o)
    0x00001818   0x00000018   Code   RO           93    x$fpl$dcmpinf       fz_ws.l(dcmpi.o)
    0x00001830   0x000002b0   Code   RO           49    x$fpl$ddiv          fz_ws.l(ddiv.o)
    0x00001ae0   0x00000078   Code   RO           52    x$fpl$deqf          fz_ws.l(deqf.o)
    0x00001b58   0x0000005e   Code   RO          153    x$fpl$dfix          fz_ws.l(dfix.o)
    0x00001bb6   0x0000002e   Code   RO          158    x$fpl$dflt          fz_ws.l(dflt_clz.o)
    0x00001be4   0x00000026   Code   RO          157    x$fpl$dfltu         fz_ws.l(dflt_clz.o)
    0x00001c0a   0x00000002   PAD
    0x00001c0c   0x00000078   Code   RO           95    x$fpl$dleqf         fz_ws.l(dleqf.o)
    0x00001c84   0x00000154   Code   RO           54    x$fpl$dmul          fz_ws.l(dmul.o)
    0x00001dd8   0x0000009c   Code   RO           97    x$fpl$dnaninf       fz_ws.l(dnaninf.o)
    0x00001e74   0x0000000c   Code   RO           99    x$fpl$dretinf       fz_ws.l(dretinf.o)
    0x00001e80   0x0000006c   Code   RO           56    x$fpl$drleqf        fz_ws.l(drleqf.o)
    0x00001eec   0x00000016   Code   RO           43    x$fpl$drsb          fz_ws.l(daddsub_clz.o)
    0x00001f02   0x00000002   PAD
    0x00001f04   0x00000198   Code   RO          101    x$fpl$dsqrt         fz_ws.l(dsqrt_umaal.o)
    0x0000209c   0x000001d4   Code   RO           44    x$fpl$dsub          fz_ws.l(daddsub_clz.o)
    0x00002270   0x00000064   Code   RO          182    x$fpl$retnan        fz_ws.l(retnan.o)
    0x000022d4   0x0000005c   Code   RO          103    x$fpl$scalbn        fz_ws.l(scalbn.o)
    0x00002330   0x00000030   Code   RO          229    x$fpl$trapveneer    fz_ws.l(trapv.o)
    0x00002360   0x00000000   Code   RO          105    x$fpl$usenofp       fz_ws.l(usenofp.o)
    0x00002360   0x00000098   Data   RO          108    .constdata          m_ws.l(atan.o)
    0x000023f8   0x00000030   Data   RO          117    .constdata          m_ws.l(cos_i.o)
    0x00002428   0x00000008   Data   RO          119    .constdata          m_ws.l(qnan.o)
    0x00002430   0x000000c8   Data   RO          122    .constdata          m_ws.l(rred.o)
    0x000024f8   0x00000028   Data   RO          126    .constdata          m_ws.l(sin_i.o)
    0x00002520   0x00000000   Data   RO          307    Region$$Table       anon$$obj.o


    Execution Region ER_RW (Base: 0x20000000, Size: 0x00000010, Max: 0xffffffff, ABSOLUTE)

    Base Addr    Size         Type   Attr      Idx    E Section Name        Object

    0x20000000   0x00000010   Data   RW            2    .data               firstmilestone.o


    Execution Region ER_ZI (Base: 0x20000010, Size: 0x00000260, Max: 0xffffffff, ABSOLUTE)

    Base Addr    Size         Type   Attr      Idx    E Section Name        Object

    0x20000010   0x00000060   Zero   RW          170    .bss                c_w.l(libspace.o)
    0x20000070   0x00000000   Zero   RW           29    HEAP                startup_tm4c123.o
    0x20000070   0x00000200   Zero   RW           28    STACK               startup_tm4c123.o

